20:14370:G:["A"]
20:17330:T:["A"]
20:1110696:A:["G", "T"]
20:1230237:T:[]
20:1234567:GTC:["G", "GTCT"]
20:14370
20:17330
20:1110696
20:1230237
20:1234567
